border_size=1
usage=map

Rr, Rr, Co, Sm, Gll^Fdw, Gll^Fdw, Gll^Fdw, Sm, Gll^Fdw, Gll^Fdw, Gll^Fdw, Gll^Fdw, Gll^Fdw, Gll^Fdw, Gll^Fdw, Gll^Fdw, Gll^Fdw, Gll^Fdw, Gll^Fdw, Gll^Fdw, Gll^Fdw, Gll^Fdw, Gll^Fdw, Gll^Fdw, Gll^Fdw, Gll^Fdw, Gll^Fdw, Gll^Fdw, Gll^Fdw, Gll^Fdw, Gll^Fdw, Gll^Fdw, Gll^Fdw, Gll^Fdw, Gll^Fdw, Gll^Fdw, Gll^Fdw, Gll^Fdw, Gll^Fdw, Gll^Fdw, Gll^Fdw, Gll^Fdw, Gll^Fdw, Gll^Fdw, Gll^Fdw, Sm
Rr, Co, 2 Khr, Co, Co, Gll^Fdw, Gll^Fdw, Gll^Fdw, Gll^Fdw, Gll^Fdw, Gll^Fdw, Gll^Fdw, Gll^Fmw, Gll^Fdw, Gll^Fmw, Gll^Fmw, Gll^Fmw, Gll^Fdw, Gll^Fmw, Gll^Fmw, Gll^Fmw, Gll^Fdw, Gll^Fdw, Gll^Fdw, Gll^Fmw, Gll^Fdw, Gll^Fdw, Gll^Fdw, Gll^Fdw, Gll^Fdw, Gll^Fdw, Gll^Fdw, Gll^Fdw, Gll^Fdw, Gll^Fmw, Gll^Fmw, Gll^Fmw, Gll^Fdw, Gll^Fdw, Gll^Fdw, Gll^Fdw, Gll^Fdw, Gll^Fdw, Gll^Fdw, Gll^Fdw, Gll^Fdw
Gll^Fdw, Co, Co, Co, Rr, Rr, Rr, Gll^Fdw, Gll^Fdw, Gll^Fdw, Gll^Fmw, Gll^Fmw, Gll^Fmw, Gll^Fmw, Gll^Fmw, Gll^Fmw, Gll^Fmw, Gll^Fmw, Gll^Fmw, Gll^Fmw, Gll^Fmw, Gll^Fmw, Gll^Fmw, Gll^Fmw, Gll^Fmw, Gll^Fmw, Gll^Fmw, Gll^Fmw, Gll^Fdw, Gll^Fdw, Gll^Fmw, Gll^Fdw, Gll^Fmw, Gll^Fmw, Gll^Fmw, Gll^Fmw, Gll^Fmw, Gll^Fdw, Gll^Fmw, Gll^Fdw, Gll^Fmw, Gll^Fmw, Gll^Fmw, Gll^Fmw, Gll^Fdw, Gll^Fdw
Gll^Fdw, Gll^Fdw, Gll^Fdw, Co, Rr, Rr, Rr, Rr, Rr, Gll^Fdw, Gll^Fdw, Gll^Fdw, Gll^Fdw, Gll^Fmw, Gll^Fdw, Gll^Fmw, Gll^Fmw, Gll^Fmw, Gll^Fmw, Gll^Fmw, Gll^Fmw, Gll^Fmw, Gll^Fmw, Gll^Fmw, Gll^Fmw, Gll^Fmw, Gll^Fmw, Sm^Fmw, Sm^Fmw, Gll^Fmw, Gll^Fmw, Gll^Fmw, Gll^Fmw, Gll^Fmw, Gll^Fmw, Gll^Fmw, Gll^Fmw, Gll^Fmw, Gll^Fmw, Gll^Fmw, Gll^Fmw, Gll^Fmw, Gll^Fmw, Gll^Fmw, Gll^Fmw, Gll^Fdw
Gll^Fdw, Gll^Fdw, Gll^Fdw, Gll^Fdw, Gll^Fmw, Rr, Rr, Rr, Rr, Rr, Rr, Sm, Sm, Gll^Fdw, Gll^Fmw, Gll^Fmw, Gll^Fmw, Gll^Fmw, Gll^Fmw, Gll^Fmw, Gll^Fmw, Gll^Fmw, Gll^Fmw, Gll^Fmw, Gll^Fmw, Gll^Fmw, Gll^Fmw, Gll^Fmw, Gll^Fmw, Gll^Fmw, Gll^Fmw, Gll^Fmw, Gll^Fdw, Gll^Fmw, Gll^Fmw, Gll^Fmw, Gll^Fmw, Gll^Fmw, Gll^Fmw, Gll^Fmw, Gll^Fmw, Gll^Fmw, Gll^Fmw, Gll^Fmw, Gll^Fdw, Gll^Fdw
Gll^Fdw, Gll^Fdw, Gll^Fdw, Gll^Fdw, Gll^Fmw, Gll^Fmw, Gll^Fmw, Rr, Rr, Rr, Rr, Rr, Rr, Sm, Gll^Fdw, Gll^Fdw, Gll^Fdw, Gll^Fdw, Gll^Fdw, Gll^Fdw, Gll^Fmw, Gll^Fmw, Gll^Fmw, Gll^Fmw, Gll^Fmw, Gll^Fmw, Gll^Fmw, Gll^Fmw, Gll^Fmw, Gll^Fmw, Gll^Fmw, Gll^Fmw, Gll^Fmw, Gll^Fmw, Gll^Fmw, Gll^Fmw, Gll^Fmw, Gll^Fmw, Gll^Fmw, Gll^Fmw, Gll^Fdw, Gll^Fdw, Gll^Fmw, Gll^Fmw, Gll^Fdw, Gll^Fdw
Gll^Fdw, Gll^Fdw, Gll^Fdw, Gll^Fmw, Gll^Fdw, Gll^Fmw, Gll^Fmw, Gll^Fmw, Sm^Fmw, Rr, Rr, Rr, Rr, Rr, Rr, Gll^Fdw, Gll^Fdw, Gll^Fdw, Gll^Fdw, Gll^Fdw, Gll^Fdw, Gll^Fmw, Gll^Fmw, Gll^Fmw, Gll^Fmw, Gll^Fdw, Gll^Fmw, Gll^Fmw, Gll^Fmw, Gll^Fmw, Gll^Fmw, Gll^Fmw, Gll^Fdw, Gll^Fmw, Gll^Fmw, Gll^Fmw, Gll^Fmw, Gll^Fmw, Gll^Fmw, Gll^Fdw, Gll^Fmw, Gll^Fmw, Gll^Fdw, Gll^Fmw, Gll^Fdw, Gll^Fdw
Gll^Fdw, Gll^Fdw, Gll^Fmw, Gll^Fmw, Gll^Fmw, Gll^Fmw, Gll^Fdw, Gll^Fdw, Gll^Fmw, Sm, Sm, Rr, Rr, Rr, Rr, Rr, Rr, Gll^Fdw, Gll^Fdw, Gll^Fdw, Gll^Fdw, Gll^Fdw, Gll^Fmw, Gll^Fmw, Gll^Fmw, Gll^Fmw, Gll^Fdw, Gll^Fdw, Gll^Fdw, Gll^Fdw, Gll^Fmw, Gll^Fmw, Gll^Fmw, Gll^Fmw, Gll^Fmw, Gll^Fmw, Gll^Fmw, Gll^Fmw, Gll^Fmw, Gll^Fmw, Gll^Fmw, Gll^Fdw, Gll^Fdw, Gll^Fmw, Gll^Fmw, Sm
Gll^Fdw, Gll^Fdw, Gll^Fmw, Gll^Fmw, Gll^Fmw, Gll^Fmw, Gll^Fmw, Gll^Fmw, Gll^Fmw, Gll^Fdw, Gll^Fdw, Sm, Sm, Rr, Rr, Rr, Rr, Rr, Rr, Gll^Fdw, Gll^Fdw, Gll^Fdw, Gll^Fmw, Gll^Fdw, Gll^Fdw, Gll^Fdw, Gll^Fdw, Gll^Fdw, Gll^Fmw, Gll^Fmw, Gll^Fmw, Gll^Fdw, Gll^Fmw, Gll^Fmw, Gll^Fmw, Gll^Fmw, Gll^Fmw, Gll^Fmw, Gll^Fmw, Gll^Fmw, Gll^Fmw, Gll^Fmw, Gll^Fmw, Gll^Fmw, Gll^Fmw, Sm
Gll^Fdw, Gll^Fmw, Gll^Fmw, Gll^Fdw, Gll^Fmw, Gll^Fdw, Gll^Fmw, Gll^Fmw, Gll^Fmw, Gll^Fdw, Gll^Fdw, Gll^Fdw, Gll^Fdw, Sm, Sm, Rr, Rr, Rr, Rr, Rr, Rr, Gll^Fdw, Gll^Fdw, Gll^Fmw, Gll^Fmw, Gll^Fdw, Gll^Fmw, Gll^Fmw, Gll^Fdw, Gll^Fmw, Gll^Fmw, Gll^Fmw, Gll^Fmw, Gll^Fmw, Gll^Fmw, Gll^Fmw, Gll^Fmw, Gll^Fmw, Gll^Fmw, Gll^Fmw, Gll^Fmw, Gll^Fmw, Gll^Fdw, Gll^Fmw, Gll^Fmw, Sm
Gll^Fdw, Gll^Fmw, Gll^Fmw, Gll^Fmw, Gll^Fmw, Gll^Fmw, Gll^Fmw, Gll^Fmw, Gll^Fdw, Gll^Fdw, Gll^Fdw, Gll^Fdw, Gll^Fmw, Gll^Fdw, Gll^Fmw, Sm, Gll^Fdw, Rr, Rr, Rr, Rr, Rr, Rr, Gll^Fdw, Gll^Fdw, Gll^Fdw, Gll^Fdw, Gll^Fdw, Gll^Fdw, Gll^Fmw, Gll^Fdw, Gll^Fmw, Gll^Fmw, Gll^Fmw, Gll^Fmw, Gll^Fdw, Gll^Fmw, Gll^Fmw, Gll^Fmw, Gll^Fmw, Gll^Fmw, Gll^Fmw, Gll^Fdw, Gll^Fdw, Rr, Rr
Gll^Fdw, Gll^Fdw, Gll^Fdw, Gll^Fmw, Gll^Fmw, Gll^Fmw, Gll^Fmw, Gll^Fmw, Gll^Fmw, Gll^Fmw, Gll^Fmw, Gll^Fmw, Gll^Fdw, Gll^Fmw, Gll^Fdw, Gll^Fmw, Gll^Fmw, Gll^Fdw, Gll^Fdw, Rr, Rr, Rr, Rr, Rr, Rr, Gll^Fdw, Gll^Fdw, Gll^Fdw, Gll^Fdw, Gll^Fdw, Gll^Fdw, Gll^Fdw, Gll^Fdw, Gll^Fmw, Gll^Fdw, Gll^Fmw, Gll^Fdw, Gll^Fdw, Gll^Fmw, Gll^Fmw, Gll^Fmw, Gll^Fdw, Rr, Rr, Rr, Rr
Sm^Fmw, Gll^Fmw, Gll^Fmw, Gll^Fmw, Gll^Fmw, Gll^Fdw, Gll^Fmw, Gll^Fmw, Gll^Fmw, Gll^Fmw, Gll^Fmw, Gll^Fmw, Gll^Fmw, Gll^Fdw, Gll^Fmw, Gll^Fmw, Gll^Fmw, Gll^Fmw, Gll^Fdw, Gll^Fdw, Gll^Fdw, Rr, Rr, Rr, Rr, Rr, Rr, Gll^Fdw, Sm, Gll^Fdw, Gll^Fdw, Gll^Fdw, Gll^Fdw, Gll^Fdw, Gll^Fdw, Gll^Fdw, Gll^Fdw, Gll^Fdw, Gll^Fdw, Gll^Fmw, Rr, Rr, Rr, Rr, Rr, Rr
Sm, Gll^Fmw, Gll^Fmw, Gll^Fmw, Gll^Fmw, Gll^Fmw, Gll^Fmw, Gll^Fmw, Gll^Fmw, Gll^Fmw, Gll^Fmw, Gll^Fmw, Gll^Fmw, Gll^Fmw, Gll^Fmw, Gll^Fmw, Gll^Fmw, Gll^Fmw, Gll^Fmw, Gll^Fmw, Gll^Fdw, Gll^Fdw, Gll^Fdw, Rr, Rr, Rr, Rr, Rr, Rr, Sm, Uu^Vud, Sm, Rp^Vhcr, Sm, Uu^Vud, Sm, Sm, Gll^Fdw, Rr, Rr, Rr, Rr, Rr, Rr, Gll^Fdw, Sm
Sm^Fmw, Gll^Fmw, Gll^Fmw, Gll^Fmw, Gll^Fmw, Gll^Fmw, Gll^Fmw, Gll^Fmw, Gll^Fmw, Gll^Fmw, Gll^Fmw, Gll^Fmw, Gll^Fmw, Gll^Fmw, Gll^Fdw, Gll^Fmw, Gll^Fmw, Gll^Fmw, Gll^Fmw, Gll^Fmw, Gll^Fmw, Gll^Fdw, Gll^Fdw, Sm, Sm, Rr, Rr, Rr, Rr, Rr^Vhc, Rr, Uu^Vud, Rr, Rp^Vhcr, Rr, Uu^Vud, Rr, Rr, Rr, Rr, Rr, Rr, Gll^Fdw, Gll^Fdw, Gll^Fdw, Gll^Fdw
Sm^Fmw, Gll^Fmw, Gll^Fmw, Gll^Fmw, Gll^Fmw, Gll^Fmw, Gll^Fmw, Gll^Fmw, Gll^Fmw, Gll^Fmw, Gll^Fmw, Gll^Fmw, Gll^Fmw, Gll^Fmw, Gll^Fmw, Gll^Fmw, Gll^Fmw, Gll^Fmw, Gll^Fdw, Gll^Fmw, Gll^Fmw, Gll^Fmw, Gll^Fmw, Gll^Fdw, Gll^Fdw, Sm, Uu^Vud, Rr, Rr, Rr, Rr, Rr, Rr, Rr, Rr, Rr, Rr, Rr, Rr, Rr, Gll^Fdw, Gll^Fdw, Gll^Fdw, Gll^Fdw, Gll^Fdw, Gll^Fdw
Sm^Fmw, Gll^Fmw, Gll^Fmw, Gll^Fmw, Gll^Fmw, Gll^Fmw, Gll^Fmw, Gll^Fmw, Gll^Fmw, Gll^Fmw, Gll^Fdw, Gll^Fmw, Gll^Fmw, Gll^Fmw, Gll^Fmw, Gll^Fmw, Gll^Fmw, Gll^Fmw, Gll^Fdw, Gll^Fmw, Gll^Fmw, Gll^Fdw, Gll^Fdw, Gll^Fmw, Gll^Fmw, Sm, Uu^Vu, Rr, Rr, Rr, Uu^Vu, Uu^Vud, Uu^Vu, Rr, Rr, Rr, Rr, Rr, Gll^Fdw, Gll^Fdw, Gll^Fdw, Gll^Fdw, Gll^Fdw, Gll^Fdw, Gll^Fdw, Gll^Fdw
Sm, Gll^Fmw, Gll^Fdw, Gll^Fmw, Gll^Fmw, Gll^Fmw, Gll^Fmw, Gll^Fmw, Gll^Fmw, Gll^Fmw, Gll^Fmw, Gll^Fmw, Gll^Fmw, Gll^Fmw, Gll^Fmw, Gll^Fmw, Gll^Fmw, Gll^Fmw, Gll^Fmw, Gll^Fmw, Gll^Fmw, Gll^Fdw, Gll^Fdw, Gll^Fmw, Gll^Fmw, Gll^Fdw, Rr^Vhc, Rr, Rr^Vhc, Rr, Uu^Vud, Rr^Vhc, Rr^Vhc, Uu^Vud, Rr, Rr, Rr^Vhc, Uu^Vud, Gll^Fdw, Gll^Fdw, Gll^Fdw, Gll^Fdw, Gll^Fdw, Gll^Fdw, Gll^Fdw, Gll^Fdw
Gll^Fmw, Gll^Fmw, Gll^Fmw, Gll^Fmw, Gll^Fmw, Gll^Fmw, Gll^Fmw, Gll^Fmw, Gll^Fmw, Gll^Fmw, Gll^Fdw, Gll^Fmw, Gll^Fmw, Gll^Fmw, Gll^Fmw, Gll^Fmw, Gll^Fmw, Gll^Fmw, Gll^Fmw, Gll^Fmw, Gll^Fmw, Gll^Fdw, Gll^Fdw, Gll^Fmw, Gll^Fdw, Gll^Fdw, Uu^Vud, Uu^Vu, Rr, Rr, Rr, Rr, Rr, Rr, Rr, Rr, Uu^Vud, Sm, Gll^Fdw, Gll^Fdw, Gll^Fdw, Gll^Fdw, Gll^Fdw, Gll^Fdw, Gll^Fdw, Sm
Gll^Fmw, Gll^Fmw, Gll^Fdw, Gll^Fdw, Gll^Fdw, Gll^Fdw, Gll^Fdw, Gll^Fmw, Gll^Fdw, Gll^Fdw, Gll^Fdw, Gll^Fdw, Gll^Fmw, Gll^Fmw, Gll^Fmw, Gll^Fmw, Gll^Fmw, Gll^Fmw, Gll^Fdw, Gll^Fdw, Gll^Fmw, Gll^Fdw, Gll^Fmw, Gll^Fmw, Gll^Fdw, Gll^Fdw, Rr, Uu^Vud, Rr, Rr, Rr, Rr, Uu^Vud, Rr, Rr^Vhc, Rp^Vhcr, Gll^Fdw, Gll^Fdw, Gll^Fdw, Gll^Fdw, Gll^Fdw, Gll^Fdw, Gll^Fdw, Gll^Fdw, Gll^Fdw, Gll^Fdw
Gll^Fdw, Gll^Fdw, Gll^Fdw, Gll^Fdw, Gll^Fdw, Gll^Fdw, Gll^Fdw, Gll^Fmw, Gll^Fmw, Gll^Fdw, Gll^Fdw, Gll^Fdw, Gll^Fmw, Gll^Fmw, Gll^Fmw, Gll^Fmw, Gll^Fmw, Gll^Fmw, Gll^Fdw, Gll^Fdw, Gll^Fdw, Gll^Fmw, Gll^Fdw, Gll^Fdw, Rr, Rr, Rr, Rr, Rr, Rr, Gll^Fdw, Rp^Vhcr, Uu^Vu, Uu^Vud, Gll^Fdw, Gll^Fdw, Gll^Fdw, Gll^Fdw, Gll^Fdw, Gll^Fdw, Gll^Fdw, Gll^Fdw, Gll^Fdw, Gll^Fdw, Gll^Fdw, Gll^Fdw
Sm, Gll^Fdw, Gll^Fdw, Gll^Fdw, Gll^Fdw, Gll^Fdw, Gll^Fdw, Gll^Fdw, Gll^Fdw, Gll^Fmw, Gll^Fmw, Gll^Fmw, Gll^Fmw, Gll^Fmw, Gll^Fmw, Gll^Fmw, Gll^Fdw, Gll^Fdw, Gll^Fdw, Gll^Fdw, Gll^Fdw, Gll^Fdw, Rr, Rr, Rr, Rr, Rr, Rr, Gll^Fdw, Gll^Fdw, Gll^Fdw, Gll^Fdw, Gll^Fdw, Gll^Fdw, Gll^Fdw, Gll^Fdw, Gll^Fdw, Gll^Fdw, Gll^Fdw, Gll^Fdw, Gll^Fmw, Gll^Fdw, Gll^Fdw, Gll^Fdw, Gll^Fdw, Gll^Fdw
Sm, Sm, Sm, Gll^Fdw, Sm^Qov, Gll^Fdw, Gll^Fdw, Gll^Fdw, Gll^Fdw, Gll^Fdw, Gll^Fdw, Gll^Fdw, Gll^Fdw, Gll^Fdw, Gll^Fdw, Gll^Fmw, Gll^Fdw, Gll^Fdw, Gll^Fdw, Sm, Rr, Rr, Rr, Rr, Rr, Rr, Sm, Sm, Gll^Fdw, Gll^Fdw, Gll^Fdw, Gll^Fdw, Gll^Fdw, Gll^Fdw, Gll^Fmw, Gll^Fmw, Gll^Fmw, Gll^Fmw, Gll^Fmw, Gll^Fmw, Gll^Fdw, Gll^Fmw, Gll^Fdw, Gll^Fdw, Gll^Fdw, Gll^Fdw
Sm, Sm, Md^Qov, Md^Qov, Md^Qov, Sm, Md^Qov, Sm, Md^Qov, Sm, Sm, Sm, Sm, Gll^Fdw, Sm, Gll^Fdw, Gll^Fdw, Gll^Fdw, Rr, Rr, Rr, Rr, Rr, Rr, Sm, Sm, Sm, Gll^Fdw, Gll^Fdw, Gll^Fdw, Gll^Fdw, Gll^Fdw, Gll^Fmw, Gll^Fmw, Gll^Fdw, Gll^Fdw, Gll^Fmw, Gll^Fmw, Gll^Fmw, Gll^Fmw, Gll^Fdw, Gll^Fdw, Gll^Fdw, Gll^Fdw, Gll^Fdw, Gll^Fdw
Md^Qov, Md^Qov, Md^Qov, Md^Qov, Md^Qov, Md^Qov, Md^Qov, Md^Qov, Md^Qov, Md^Qov, Md^Qov, Md^Qov, Md^Qov, Sm, Sm, Sm, Rr, Rr, Rr, Rr, Rr, Rr, Gll^Fdw, Gll^Fdw, Gll^Fdw, Sm, Gll^Fdw, Gll^Fdw, Gll^Fdw, Gll^Fdw, Gll^Fdw, Gll^Fmw, Gll^Fmw, Gll^Fdw, Gll^Fmw, Gll^Fmw, Gll^Fmw, Gll^Fmw, Gll^Fmw, Gll^Fmw, Gll^Fmw, Gll^Fdw, Gll^Fdw, Gll^Fdw, Gll^Fdw, Gll^Fdw
Md^Qov, Md^Qov, Gll^Fdw, Gll^Fdw, Sm, Sm, Gll^Fdw, Sm, Gll^Fdw, Sm, Gll^Fdw, Md^Qov, Md^Qov, Md^Qov, Md^Qov, Rr, Rr, Rr, Rr, Rr, Gll^Fdw, Gll^Fdw, Gll^Fdw, Gll^Fdw, Gll^Fdw, Gll^Fdw, Gll^Fdw, Gll^Fdw, Gll^Fmw, Gll^Fdw, Gll^Fmw, Gll^Fmw, Gll^Fmw, Gll^Fmw, Gll^Fmw, Gll^Fmw, Gll^Fmw, Gll^Fmw, Gll^Fmw, Gll^Fmw, Gll^Fmw, Gll^Fdw, Gll^Fmw, Gll^Fdw, Gll^Fdw, Gll^Fdw
Md^Qov, Gll^Fdw, Gll^Fmw, Gll^Fmw, Gll^Fmw, Gll^Fmw, Gll^Fmw, Gll^Fmw, Gll^Fmw, Gll^Fmw, Gll^Fmw, Gll^Fmw, Rr, Rr, Rr, Qxu^Bp/, Md^Qov, Rr, Gll^Fdw, Gll^Fdw, Gll^Fdw, Gll^Fdw, Gll^Fmw, Gll^Fmw, Gll^Fmw, Gll^Fmw, Gll^Fmw, Gll^Fmw, Gll^Fdw, Gll^Fmw, Gll^Fmw, Gll^Fmw, Gll^Fmw, Gll^Fmw, Gll^Fdw, Gll^Fmw, Gll^Fmw, Gll^Fmw, Gll^Fmw, Gll^Fmw, Gll^Fmw, Gll^Fmw, Gll^Fmw, Gll^Fmw, Gll^Fdw, Gll^Fdw
Md^Qov, Gll^Fmw, Gll^Fmw, Gll^Fmw, Gll^Fdw, Gll^Fmw, Gll^Fmw, Gll^Fmw, Gll^Fdw, Gll^Fmw, Rr, Rr, Rr, Rr, Rr, Rr, Md^Qov, Md^Qov, Gll^Fdw, Gll^Fdw, Gll^Fdw, Gll^Fdw, Gll^Fdw, Gll^Fmw, Gll^Fmw, Gll^Fmw, Gll^Fmw, Gll^Fmw, Gll^Fmw, Gll^Fdw, Gll^Fmw, Gll^Fmw, Gll^Fmw, Gll^Fdw, Gll^Fmw, Gll^Fmw, Gll^Fmw, Gll^Fmw, Gll^Fmw, Gll^Fmw, Gll^Fdw, Gll^Fmw, Gll^Fmw, Gll^Fmw, Gll^Fdw, Gll^Fdw
Gll^Fdw, Gll^Fdw, Gll^Fdw, Gll^Fdw, Hhd^Vhhr, Sm, Sm, Gll^Fdw, Rr, Rr, Rr, Rr, Rr, Rr, Gll^Fdw, Gll^Fdw, Md^Qov, Md^Qov, Gll^Fdw, Gll^Fdw, Gll^Fdw, Gll^Fdw, Gll^Fmw, Gll^Fmw, Gll^Fdw, Gll^Fmw, Gll^Fmw, Gll^Fmw, Gll^Fmw, Gll^Fmw, Gll^Fmw, Gll^Fmw, Gll^Fmw, Gll^Fmw, Gll^Fmw, Gll^Fdw, Gll^Fmw, Gll^Fdw, Gll^Fmw, Gll^Fmw, Gll^Fmw, Gll^Fmw, Gll^Fmw, Gll^Fmw, Gll^Fdw, Gll^Fdw
Sm, Gll^Fdw, Hhd^Vhhr, Hhd^Vhhr, Hhd^Vhhr, Hhd^Vhhr, Rr, Rr, Rr, Rr, Rr, Rr, Sm, Sm, Gll^Fmw, Sm, Md^Qov, Md^Qov, Md^Qov, Gll^Fdw, Gll^Fdw, Gll^Fmw, Gll^Fdw, Gll^Fdw, Gll^Fmw, Gll^Fmw, Gll^Fmw, Gll^Fmw, Gll^Fmw, Gll^Fmw, Gll^Fmw, Gll^Fmw, Gll^Fmw, Gll^Fmw, Gll^Fdw, Gll^Fmw, Gll^Fmw, Gll^Fmw, Gll^Fmw, Gll^Fmw, Gll^Fmw, Gll^Fmw, Gll^Fmw, Gll^Fmw, Gll^Fdw, Gll^Fdw
Hhd^Vhhr, Hhd^Vhhr, Ch, Ch, Ch, Rr, Rr, Rr, Rr, Rr, Gll^Fdw, Gll^Fdw, Gll^Fmw, Gll^Fdw, Gll^Fmw, Gll^Fmw, Sm, Md^Qov, Md^Qov, Md^Qov, Md^Qov, Sm, Gll^Fmw, Gll^Fmw, Gll^Fmw, Gll^Fmw, Gll^Fmw, Gll^Fmw, Gll^Fmw, Gll^Fmw, Gll^Fmw, Gll^Fmw, Gll^Fmw, Gll^Fmw, Gll^Fmw, Gll^Fmw, Gll^Fmw, Gll^Fmw, Gll^Fmw, Gll^Fmw, Gll^Fmw, Gll^Fmw, Gll^Fmw, Gll^Fdw, Gll^Fdw, Gll^Fdw
Hhd^Vhhr, Ch, Ch, Ch, Ch, Ch, Rr, Rr, Gll^Fdw, Gll^Fdw, Gll^Fmw, Gll^Fmw, Gll^Fmw, Gll^Fmw, Gll^Fmw, Gll^Fdw, Gll^Fdw, Sm, Sm, Md^Qov, Md^Qov, Sm, Sm, Gll^Fmw, Gll^Fdw, Gll^Fdw, Gll^Fdw, Gll^Fmw, Gll^Fmw, Gll^Fmw, Gll^Fmw, Gll^Fdw, Gll^Fmw, Gll^Fmw, Gll^Fmw, Gll^Fdw, Gll^Fdw, Gll^Fdw, Gll^Fdw, Gll^Fmw, Gll^Fmw, Gll^Fmw, Gll^Fmw, Gll^Fdw, Gll^Fdw, Gll^Fdw
Hhd^Vhhr, Ch, Ch, 1 Kh, Ch, Ch, Hhd^Vhhr, Hhd^Vhhr, Sm^Fmw, Gll^Fmw, Gll^Fdw, Gll^Fmw, Gll^Fmw, Gll^Fmw, Gll^Fmw, Gll^Fmw, Gll^Fdw, Sm, Md^Qov, Md^Qov, Md^Qov, Md^Qov, Sm, Sm, Sm, Gll^Fdw, Gll^Fdw, Gll^Fdw, Gll^Fdw, Gll^Fmw, Gll^Fmw, Gll^Fmw, Gll^Fmw, Gll^Fmw, Gll^Fmw, Gll^Fmw, Gll^Fmw, Gll^Fdw, Gll^Fdw, Gll^Fdw, Gll^Fmw, Gll^Fmw, Gll^Fmw, Gll^Fdw, Gll^Fdw, Gll^Fdw
Hhd^Vhhr, Ch, Ch, Ch, Ch, Ch, Hhd^Vhhr, Sm^Fmw, Gll^Fdw, Gll^Fdw, Gll^Fdw, Gll^Fmw, Gll^Fdw, Gll^Fmw, Gll^Fmw, Gll^Fmw, Gll^Fmw, Sm, Md^Qov, Md^Qov, Md^Qov, Md^Qov, Sm, Sm, Sm, Gll^Fdw, Gll^Fdw, Gll^Fdw, Gll^Fdw, Gll^Fmw, Gll^Fmw, Gll^Fmw, Gll^Fmw, Gll^Fmw, Gll^Fmw, Gll^Fmw, Gll^Fmw, Gll^Fdw, Gll^Fmw, Gll^Fmw, Gll^Fmw, Gll^Fmw, Gll^Fdw, Gll^Fdw, Gll^Fdw, Gll^Fdw
Hhd^Vhhr, Hhd^Vhhr, Hhd^Vhhr, Hhd^Vhhr, Hhd^Vhhr, Hhd^Vhhr, Sm, Gll^Fmw, Gll^Fmw, Gll^Fmw, Gll^Fmw, Gll^Fmw, Sm^Fmw, Gll^Fmw, Gll^Fmw, Gll^Fmw, Gll^Fdw, Sm, Sm, Md^Qov, Sm, Md^Qov, Md^Qov, Md^Qov, Sm, Sm, Sm, Gll^Fdw, Gll^Fdw, Gll^Fdw, Gll^Fdw, Gll^Fdw, Gll^Fdw, Gll^Fmw, Gll^Fdw, Gll^Fmw, Gll^Fdw, Gll^Fmw, Gll^Fmw, Gll^Fdw, Gll^Fmw, Gll^Fmw, Gll^Fdw, Gll^Fdw, Gll^Fdw, Gll^Fdw
